==========================================
SLURM_CLUSTER_NAME = paramprabha
SLURM_JOB_ACCOUNT = iuac
SLURM_JOB_ID = 588202
SLURM_JOB_NAME = LiF_relax
SLURM_JOB_NODELIST = rpcn470,rphm006
SLURM_JOB_USER = deepanthpcu
SLURM_JOB_UID = 52588
SLURM_JOB_PARTITION = standard
SLURM_TASK_PID = 936441
SLURM_SUBMIT_DIR = /home/deepanthpcu/DFT/Battery/LiF
SLURM_CPUS_ON_NODE = 48
SLURM_NTASKS = 96
SLURM_TASK_PID = 936441
==========================================
======================================
Job ID      : 588202
Nodes       : 2
MPI Tasks   : 96
Directory   : /home/deepanthpcu/DFT/Battery/LiF
======================================
/home/apps/SourceApps/qe/qe-intel-7.4/bin/pw.x
======================================
Finished at Tue Jul 21 15:22:32 IST 2026
======================================
