deepanthpcu@login05 Battery]$ tail -1000 /home/deepanthpcu/DFT/Battery/CuO/cuo_slab_scf.out
    -4.1198  -4.1195  -4.1139  -4.1094  -4.1050  -4.1033  -4.0868  -4.0771
    -4.0675  -4.0657  -4.0597  -4.0450  -4.0441  -4.0389  -4.0369  -4.0312
    -4.0299  -4.0263  -4.0218  -4.0187  -4.0136  -4.0081  -4.0074  -3.9992
    -3.9980  -3.9978  -3.9919  -3.9901  -3.9853  -3.9809  -3.9748  -3.9707
    -3.9699  -3.9671  -3.9646  -3.9605  -3.9387  -3.9331  -3.9140  -3.9128
    -3.9123  -3.9115  -3.9103  -3.9073  -3.8962  -3.8875  -3.8819  -3.8810
    -3.8781  -3.8739  -3.8649  -3.8649  -3.8383  -3.8282  -3.8226  -3.8192
    -3.8189  -3.8185  -3.8147  -3.8115  -3.7883  -3.7756  -3.7701  -3.7531
    -3.7497  -3.7446  -3.7383  -3.7304  -3.7251  -3.7098  -3.7068  -3.6986
    -3.6962  -3.6722  -3.6720  -3.6713  -3.6515  -3.6502  -3.6423  -3.6392
    -3.6363  -3.6335  -3.6262  -3.6227  -3.6216  -3.6164  -3.5982  -3.5959
    -3.5910  -3.5869  -3.5804  -3.5792  -3.5780  -3.5618  -3.5571  -3.5399
    -3.5324  -3.5227  -3.5124  -3.5119  -3.5053  -3.5031  -3.5022  -3.4927
    -3.4923  -3.4867  -3.4727  -3.4697  -3.4677  -3.4676  -3.4655  -3.4623
    -3.4515  -3.4301  -3.4143  -3.3902  -3.3873  -3.3764  -3.3690  -3.3669
    -3.3573  -3.3569  -3.3560  -3.3471  -3.3443  -3.3414  -3.3350  -3.3189
    -3.3107  -3.3024  -3.2849  -3.2642  -3.2613  -3.2566  -3.2514  -3.2365
    -3.2134  -3.2127  -3.1972  -3.1937  -3.1477  -3.1467  -3.1352  -3.1249
    -3.1088  -3.0895  -3.0814  -3.0799  -3.0639  -3.0596  -3.0567  -3.0526
    -3.0347  -3.0249  -3.0211  -3.0119  -3.0010  -2.9996  -2.9906  -2.9890
    -2.9783  -2.9756  -2.9733  -2.9574  -2.9247  -2.9201  -2.9143  -2.8762
    -2.8484  -2.7311  -2.7306  -2.7224  -2.6054  -2.6021  -2.5825  -2.5410
    -2.5235  -2.5075  -2.4020  -2.4009  -2.3849  -2.3196  -2.2933  -2.2500
    -2.2280  -2.2093  -2.2008  -2.1965  -2.1335  -2.1243  -2.0909  -2.0675
    -2.0428  -2.0254  -2.0243  -2.0214  -2.0039  -1.9703  -1.9540  -1.9453
    -1.9278  -1.9161  -1.8896  -1.7606  -1.7550  -1.7470  -1.7158  -1.6956
    -1.6524  -1.5849  -1.5680  -1.5338  -1.5309  -1.5249  -1.5055  -1.4887
    -1.4023  -1.3659  -1.3573  -1.3507  -1.3192  -1.2843  -1.2760  -1.2519
    -1.2110  -1.2084  -1.1309  -1.0842  -1.0787  -1.0673  -1.0366  -1.0308
    -0.9542  -0.9538  -0.9158  -0.8667  -0.7755  -0.7529  -0.6821  -0.6330
    -0.6090  -0.5204  -0.4985  -0.4829  -0.3494  -0.0885   0.4433   0.5147
     1.0303   1.2249   1.3607   1.3770   1.4555   1.8778   2.0663   2.1004
     2.1845   2.1899   2.1958   2.3234   2.3589   2.4806   2.4969   2.5971
     2.6669   2.7052   2.7114   2.7258   2.7479   2.7651   2.7661   2.7797
     2.7960   2.8040   2.8271   2.8801   2.9025   2.9063   2.9907   2.9933
     3.0656   3.0914   3.1173   3.1449   3.2330   3.2951   3.3250   3.3562
     3.3694   3.3821   3.3986   3.5069   3.5087   3.5388   3.5708   3.6109
     3.6569   3.6911   3.6981   3.7319   3.7510   3.7873   3.8419   3.8500
     3.8659   3.9066   3.9298   3.9539   3.9635   4.0065   4.0842   4.0924
     4.1489   4.1672   4.1836   4.2189   4.2309

          k = 0.2500 0.2770 0.0000 (297503 PWs)   bands (ev):

   -21.2466 -21.0985 -21.0212 -20.9508 -20.8886 -20.8776 -20.8397 -20.8393
   -20.7565 -20.7241 -20.7018 -20.6751 -20.6597 -20.6445 -20.6339 -20.5558
   -20.5182 -20.5162 -20.5069 -20.4898 -20.4629 -20.3936 -20.3601 -20.3548
   -20.3360 -20.3326 -20.2675 -20.2514 -20.2201 -20.2199 -20.2084 -20.1545
   -20.1485 -20.1458 -20.1193 -20.0816 -20.0763 -20.0756 -20.0532 -20.0350
   -20.0093 -19.9990 -19.9883 -19.9694 -19.9658 -19.9514 -19.9357 -19.9312
   -19.8982 -19.8697 -19.8549 -19.8317 -19.8278 -19.7056 -19.6531 -19.5430
   -19.2782 -19.2466 -19.2149 -19.1811 -19.0999 -19.0872 -19.0595 -19.0468
    -9.3640  -9.1128  -8.9986  -8.7390  -8.7251  -8.6734  -8.5219  -8.4057
    -8.3971  -8.3803  -8.3589  -8.3369  -8.2865  -8.2756  -8.2536  -8.2265
    -8.2263  -8.2101  -8.1743  -8.1531  -8.0788  -8.0728  -8.0690  -8.0641
    -8.0165  -8.0152  -8.0013  -7.9837  -7.9466  -7.9432  -7.9258  -7.9107
    -7.9062  -7.8455  -7.7902  -7.7815  -7.7724  -7.7683  -7.7297  -7.6952
    -7.6794  -7.6410  -7.6231  -7.5975  -7.5968  -7.5665  -7.5465  -7.5358
    -7.5146  -7.4556  -7.4398  -7.4242  -7.4201  -7.4074  -7.4048  -7.3972
    -7.3523  -7.3195  -7.3169  -7.2657  -7.2623  -7.2340  -7.2195  -7.2192
    -7.2191  -7.1749  -7.1649  -7.1530  -7.1454  -7.1417  -7.1397  -7.1229
    -7.1153  -7.1150  -7.1107  -7.1079  -7.1028  -7.0984  -7.0677  -7.0639
    -7.0627  -7.0574  -7.0405  -7.0282  -7.0274  -7.0090  -6.9973  -6.9960
    -6.9949  -6.9893  -6.9553  -6.9464  -6.9434  -6.9414  -6.9383  -6.9329
    -6.9091  -6.9063  -6.9005  -6.8747  -6.8608  -6.8475  -6.8347  -6.8079
    -6.7977  -6.7952  -6.7833  -6.7790  -6.7778  -6.7607  -6.7572  -6.6907
    -6.6760  -6.6631  -6.6416  -6.6409  -6.5311  -6.5186  -6.5129  -6.5088
    -6.4690  -6.4676  -6.4389  -6.4145  -6.3499  -6.3138  -6.2879  -6.2821
    -6.2796  -6.2439  -6.2384  -6.2166  -6.1994  -6.1744  -6.1684  -6.1305
    -6.1160  -6.1010  -6.0939  -6.0830  -6.0559  -6.0233  -6.0186  -6.0104
    -5.9814  -5.9239  -5.9195  -5.9094  -5.8772  -5.7930  -5.7795  -5.7740
    -5.7103  -5.6891  -5.6836  -5.6097  -5.6053  -5.5953  -5.5932  -5.5828
    -5.5772  -5.5685  -5.5625  -5.5193  -5.4982  -5.4528  -5.4482  -5.4260
    -5.4181  -5.3664  -5.3418  -5.3302  -5.2806  -5.2482  -5.2254  -5.2135
    -5.1969  -5.1557  -5.1393  -5.0876  -5.0839  -5.0001  -4.9789  -4.9666
    -4.9568  -4.9463  -4.8762  -4.8399  -4.8210  -4.7865  -4.7688  -4.7510
    -4.7500  -4.7456  -4.7440  -4.7410  -4.7304  -4.7128  -4.7070  -4.6810
    -4.6784  -4.6739  -4.6597  -4.6493  -4.6479  -4.5547  -4.5529  -4.5274
    -4.5122  -4.4993  -4.4937  -4.4787  -4.4786  -4.4780  -4.4483  -4.4374
    -4.4354  -4.4330  -4.4239  -4.4175  -4.3974  -4.3946  -4.3862  -4.3659
    -4.3481  -4.3467  -4.3345  -4.3344  -4.3190  -4.3155  -4.3025  -4.2987
    -4.2979  -4.2940  -4.2906  -4.2813  -4.2791  -4.2707  -4.2637  -4.2564
    -4.2503  -4.2476  -4.2452  -4.2449  -4.2360  -4.2291  -4.2234  -4.2184
    -4.2143  -4.2124  -4.2051  -4.2024  -4.1837  -4.1822  -4.1820  -4.1789
    -4.1780  -4.1729  -4.1700  -4.1507  -4.1466  -4.1352  -4.1331  -4.1328
    -4.1296  -4.1181  -4.1129  -4.1123  -4.1123  -4.1088  -4.0977  -4.0907
    -4.0823  -4.0789  -4.0730  -4.0729  -4.0696  -4.0639  -4.0627  -4.0601
    -4.0451  -4.0399  -4.0327  -4.0277  -4.0260  -4.0172  -4.0161  -4.0147
    -4.0124  -4.0121  -4.0025  -4.0000  -3.9963  -3.9910  -3.9875  -3.9838
    -3.9713  -3.9710  -3.9591  -3.9501  -3.9499  -3.9459  -3.9416  -3.9414
    -3.9360  -3.9351  -3.9316  -3.9250  -3.9232  -3.9205  -3.9173  -3.9168
    -3.9128  -3.8972  -3.8913  -3.8876  -3.8781  -3.8723  -3.8709  -3.8691
    -3.8691  -3.8648  -3.8616  -3.8581  -3.8483  -3.8452  -3.8374  -3.8240
    -3.8220  -3.8167  -3.8093  -3.8074  -3.7947  -3.7825  -3.7724  -3.7716
    -3.7624  -3.7594  -3.7481  -3.7479  -3.7386  -3.7364  -3.7199  -3.7151
    -3.7013  -3.6999  -3.6955  -3.6913  -3.6772  -3.6754  -3.6750  -3.6699
    -3.6652  -3.6600  -3.6481  -3.6353  -3.6302  -3.6263  -3.6249  -3.6130
    -3.6028  -3.5894  -3.5839  -3.5803  -3.5752  -3.5705  -3.5700  -3.5569
    -3.5386  -3.5330  -3.5325  -3.5314  -3.5236  -3.5157  -3.5156  -3.5130
    -3.4949  -3.4931  -3.4928  -3.4871  -3.4775  -3.4712  -3.4635  -3.4600
    -3.4519  -3.4314  -3.4299  -3.4231  -3.4092  -3.4075  -3.3767  -3.3747
    -3.3708  -3.3677  -3.3588  -3.3563  -3.3460  -3.3439  -3.3363  -3.3280
    -3.3211  -3.3055  -3.2979  -3.2944  -3.2834  -3.2804  -3.2737  -3.2714
    -3.2643  -3.2520  -3.1965  -3.1725  -3.1702  -3.1450  -3.1441  -3.1255
    -3.1143  -3.1062  -3.1000  -3.0923  -3.0890  -3.0868  -3.0699  -3.0598
    -3.0511  -3.0364  -3.0344  -3.0228  -3.0148  -3.0110  -3.0035  -2.9965
    -2.9961  -2.9905  -2.9853  -2.9704  -2.9595  -2.8928  -2.8827  -2.8313
    -2.7442  -2.7189  -2.6919  -2.6690  -2.6071  -2.5959  -2.5786  -2.5139
    -2.4994  -2.4681  -2.4633  -2.4177  -2.4051  -2.3755  -2.3634  -2.3444
    -2.2598  -2.2516  -2.2108  -2.2001  -2.1154  -2.0840  -2.0610  -2.0568
    -2.0497  -2.0320  -2.0163  -2.0116  -1.9693  -1.9197  -1.8660  -1.8248
    -1.7819  -1.7673  -1.7187  -1.6868  -1.6649  -1.6424  -1.6121  -1.5914
    -1.5417  -1.5367  -1.5340  -1.5281  -1.5247  -1.5118  -1.5035  -1.4630
    -1.4530  -1.4495  -1.3886  -1.3819  -1.3510  -1.3045  -1.2474  -1.2236
    -1.2069  -1.2030  -1.1585  -1.1217  -1.1188  -1.0901  -1.0814  -1.0570
    -1.0371  -1.0103  -1.0070  -0.9733  -0.9010  -0.8170  -0.7792  -0.7489
    -0.6670  -0.6003  -0.5311  -0.4910  -0.4510  -0.1332   0.5962   0.6256
     0.9280   1.4105   1.4409   1.4570   1.6016   1.8418   2.0218   2.1645
     2.1960   2.1985   2.2504   2.2720   2.2804   2.3431   2.4966   2.5492
     2.5680   2.5984   2.6332   2.7096   2.7341   2.7468   2.7835   2.7985
     2.8591   2.8720   2.8766   2.8904   2.9197   2.9254   2.9330   2.9645
     3.0519   3.0853   3.1558   3.2291   3.2462   3.3027   3.3646   3.3740
     3.4208   3.4226   3.4454   3.4626   3.4825   3.6187   3.6275   3.6330
     3.6410   3.6499   3.6599   3.7274   3.7441   3.7568   3.7854   3.8215
     3.8483   3.8565   3.8644   3.8998   3.9379   3.9624   3.9684   4.0301
     4.0803   4.1207   4.1721   4.1974   4.2193

          k = 0.2500-0.5777 0.0000 (297509 PWs)   bands (ev):

   -21.1334 -21.1293 -21.0007 -20.9908 -20.9193 -20.9152 -20.8024 -20.7927
   -20.7900 -20.7799 -20.7572 -20.7536 -20.6556 -20.6518 -20.6308 -20.6219
   -20.5968 -20.5865 -20.4540 -20.4498 -20.4418 -20.4326 -20.3019 -20.2981
   -20.2754 -20.2705 -20.2145 -20.2031 -20.1536 -20.1527 -20.1442 -20.1406
   -20.1171 -20.1066 -20.0928 -20.0809 -20.0752 -20.0710 -20.0388 -20.0349
   -20.0325 -20.0232 -20.0051 -20.0000 -19.9948 -19.9936 -19.9588 -19.9486
   -19.9335 -19.9290 -19.8988 -19.8947 -19.7774 -19.7703 -19.6069 -19.6037
   -19.1855 -19.1823 -19.1657 -19.1579 -19.1342 -19.1261 -19.1085 -19.1050
    -8.9570  -8.9506  -8.7662  -8.7627  -8.6559  -8.6490  -8.5073  -8.4741
    -8.4518  -8.4455  -8.4396  -8.4350  -8.4123  -8.3640  -8.2672  -8.2639
    -8.2247  -8.2234  -8.2143  -8.2120  -8.1619  -8.1589  -8.1352  -8.1340
    -8.0975  -8.0885  -8.0212  -8.0160  -8.0089  -7.9969  -7.9347  -7.9330
    -7.8875  -7.8564  -7.8318  -7.8159  -7.8150  -7.8046  -7.7649  -7.7641
    -7.7614  -7.7219  -7.6360  -7.6106  -7.5574  -7.5402  -7.5396  -7.5141
    -7.5088  -7.4808  -7.4550  -7.4411  -7.4365  -7.4340  -7.4297  -7.4215
    -7.3214  -7.3107  -7.2750  -7.2519  -7.2490  -7.2366  -7.2096  -7.2087
    -7.2017  -7.1943  -7.1766  -7.1739  -7.1676  -7.1498  -7.1438  -7.1329
    -7.1269  -7.1180  -7.1095  -7.1077  -7.0948  -7.0902  -7.0792  -7.0751
    -7.0620  -7.0563  -7.0488  -7.0450  -7.0354  -7.0179  -7.0072  -6.9982
    -6.9844  -6.9834  -6.9815  -6.9694  -6.9173  -6.9131  -6.9112  -6.9083
    -6.8978  -6.8918  -6.8900  -6.8654  -6.8642  -6.8634  -6.8607  -6.8499
    -6.8428  -6.8283  -6.8126  -6.8032  -6.7365  -6.7208  -6.6838  -6.6736
    -6.6689  -6.6280  -6.5830  -6.5452  -6.5336  -6.5240  -6.5218  -6.4939
    -6.4566  -6.4172  -6.3957  -6.3384  -6.3336  -6.3320  -6.2476  -6.1699
    -6.1693  -6.1508  -6.1333  -6.1098  -6.0511  -6.0493  -6.0416  -6.0397
    -6.0338  -5.9781  -5.9422  -5.9074  -5.9055  -5.9031  -5.8891  -5.8667
    -5.8505  -5.8228  -5.8166  -5.8142  -5.8022  -5.7952  -5.7928  -5.7792
    -5.7762  -5.6984  -5.6980  -5.6656  -5.6640  -5.6623  -5.6425  -5.6284
    -5.6271  -5.6143  -5.5987  -5.5559  -5.5415  -5.5352  -5.5025  -5.4906
    -5.4678  -5.4580  -5.4310  -5.3605  -5.3527  -5.3453  -5.3416  -5.3016
    -5.2627  -5.2581  -5.2451  -5.2327  -5.2287  -5.2180  -5.0683  -5.0068
    -4.9174  -4.8794  -4.8769  -4.8713  -4.8555  -4.8202  -4.8092  -4.7976
    -4.7727  -4.7562  -4.7464  -4.7349  -4.7336  -4.7333  -4.7274  -4.7068
    -4.7048  -4.7038  -4.6648  -4.6647  -4.5995  -4.5902  -4.5106  -4.5099
    -4.5081  -4.4979  -4.4888  -4.4835  -4.4798  -4.4795  -4.4763  -4.4692
    -4.4497  -4.4449  -4.4349  -4.4277  -4.4046  -4.3989  -4.3888  -4.3796
    -4.3670  -4.3639  -4.3446  -4.3335  -4.3029  -4.2989  -4.2964  -4.2956
    -4.2932  -4.2912  -4.2865  -4.2862  -4.2754  -4.2653  -4.2615  -4.2552
    -4.2516  -4.2472  -4.2472  -4.2423  -4.2271  -4.2252  -4.2218  -4.2182
    -4.2179  -4.2098  -4.2078  -4.1956  -4.1810  -4.1806  -4.1797  -4.1750
    -4.1673  -4.1572  -4.1512  -4.1352  -4.1341  -4.1333  -4.1326  -4.1276
    -4.0974  -4.0935  -4.0919  -4.0821  -4.0821  -4.0628  -4.0594  -4.0568
    -4.0519  -4.0447  -4.0364  -4.0358  -4.0347  -4.0330  -4.0271  -4.0239
    -4.0228  -4.0203  -4.0176  -4.0159  -4.0089  -4.0068  -3.9970  -3.9939
    -3.9888  -3.9856  -3.9816  -3.9773  -3.9760  -3.9610  -3.9575  -3.9544
    -3.9468  -3.9466  -3.9461  -3.9436  -3.9422  -3.9367  -3.9351  -3.9316
    -3.9044  -3.9004  -3.8962  -3.8937  -3.8878  -3.8865  -3.8860  -3.8836
    -3.8767  -3.8749  -3.8720  -3.8710  -3.8680  -3.8599  -3.8563  -3.8513
    -3.8506  -3.8489  -3.8431  -3.8413  -3.8299  -3.8197  -3.8174  -3.8147
    -3.8064  -3.8007  -3.7945  -3.7918  -3.7863  -3.7862  -3.7825  -3.7769
    -3.7742  -3.7717  -3.7684  -3.7618  -3.7591  -3.7559  -3.7512  -3.7375
    -3.7344  -3.7305  -3.7299  -3.7225  -3.7057  -3.6948  -3.6904  -3.6822
    -3.6800  -3.6653  -3.6564  -3.6508  -3.6395  -3.6288  -3.6265  -3.6150
    -3.6110  -3.6063  -3.6058  -3.6047  -3.6005  -3.5990  -3.5776  -3.5748
    -3.5706  -3.5572  -3.5380  -3.5371  -3.5316  -3.5306  -3.5214  -3.5165
    -3.5077  -3.5037  -3.4996  -3.4900  -3.4848  -3.4825  -3.4784  -3.4653
    -3.4636  -3.4624  -3.4454  -3.4404  -3.4383  -3.4359  -3.4344  -3.4290
    -3.4140  -3.4014  -3.3931  -3.3836  -3.3644  -3.3589  -3.3556  -3.3542
    -3.3498  -3.3458  -3.3159  -3.3116  -3.3064  -3.2985  -3.2961  -3.2920
    -3.2496  -3.2475  -3.2440  -3.2411  -3.1443  -3.1398  -3.1378  -3.1305
    -3.1280  -3.1166  -3.1143  -3.0993  -3.0663  -3.0624  -3.0556  -3.0544
    -3.0476  -3.0451  -3.0375  -3.0269  -3.0252  -3.0247  -3.0235  -3.0175
    -3.0169  -3.0060  -2.9957  -2.9804  -2.9403  -2.9365  -2.7773  -2.7584
    -2.6985  -2.6969  -2.6905  -2.6873  -2.5815  -2.5691  -2.5423  -2.5365
    -2.5362  -2.5016  -2.4478  -2.4045  -2.4028  -2.4020  -2.3823  -2.3648
    -2.2993  -2.2905  -2.2889  -2.2677  -2.1030  -2.0767  -2.0515  -1.9728
    -1.9722  -1.9608  -1.9229  -1.8904  -1.7998  -1.7908  -1.7881  -1.7581
    -1.7358  -1.7246  -1.7194  -1.6965  -1.6860  -1.6350  -1.5789  -1.5446
    -1.5430  -1.5360  -1.5347  -1.5346  -1.5145  -1.5032  -1.3966  -1.3720
    -1.3325  -1.3318  -1.3190  -1.3160  -1.2891  -1.2803  -1.2598  -1.2579
    -1.2487  -1.2157  -1.2009  -1.1830  -1.1791  -1.1602  -1.1245  -1.1110
    -1.1020  -1.0914  -1.0377  -0.9777  -0.9665  -0.9256  -0.9208  -0.9133
    -0.8110  -0.7856  -0.6162  -0.6059  -0.3023  -0.2635   0.7385   0.7793
     1.0727   1.0944   1.7030   1.7448   1.7538   1.8089   1.9109   1.9124
     2.1664   2.1757   2.3389   2.4187   2.4227   2.4318   2.4405   2.4435
     2.5214   2.5699   2.5936   2.6152   2.6241   2.6369   2.7081   2.7313
     2.7609   2.7657   2.8533   2.8539   2.9031   2.9314   2.9959   3.0217
     3.1181   3.1267   3.1438   3.1440   3.3316   3.4029   3.4130   3.4906
     3.5095   3.5112   3.5648   3.5741   3.6038   3.6041   3.6206   3.6598
     3.6651   3.6984   3.7000   3.7006   3.7418   3.7539   3.7608   3.7865
     3.8315   3.8358   3.8506   3.8535   3.9322   3.9469   3.9687   3.9897
     3.9905   4.0070   4.0171   4.0574   4.0603

          k = 0.2500-0.2928 0.0000 (297461 PWs)   bands (ev):

   -21.2444 -21.1038 -21.0191 -20.9562 -20.8833 -20.8830 -20.8378 -20.8261
   -20.7619 -20.7262 -20.7066 -20.6717 -20.6695 -20.6380 -20.6310 -20.5515
   -20.5185 -20.5079 -20.5019 -20.4839 -20.4761 -20.4070 -20.3568 -20.3553
   -20.3433 -20.3299 -20.2663 -20.2565 -20.2154 -20.2154 -20.2069 -20.1666
   -20.1524 -20.1316 -20.1221 -20.0837 -20.0694 -20.0634 -20.0569 -20.0399
   -20.0121 -20.0049 -19.9935 -19.9682 -19.9628 -19.9492 -19.9301 -19.9254
   -19.9046 -19.8753 -19.8524 -19.8294 -19.8237 -19.7121 -19.6550 -19.5397
   -19.2756 -19.2532 -19.2076 -19.1845 -19.1019 -19.0823 -19.0645 -19.0447
    -9.3606  -9.1143  -8.9947  -8.7453  -8.7422  -8.6702  -8.4605  -8.4157
    -8.4082  -8.3955  -8.3664  -8.3545  -8.2794  -8.2740  -8.2541  -8.2297
    -8.2144  -8.2025  -8.1790  -8.1435  -8.0755  -8.0709  -8.0666  -8.0658
    -8.0477  -8.0097  -7.9998  -7.9941  -7.9594  -7.9309  -7.9301  -7.9034
    -7.8945  -7.8528  -7.8039  -7.7873  -7.7662  -7.7658  -7.7521  -7.7136
    -7.6576  -7.6514  -7.6129  -7.5852  -7.5805  -7.5691  -7.5599  -7.5287
    -7.4911  -7.4897  -7.4488  -7.4156  -7.4155  -7.4106  -7.3966  -7.3952
    -7.3664  -7.3502  -7.3177  -7.2677  -7.2494  -7.2362  -7.2249  -7.2163
    -7.2050  -7.1838  -7.1701  -7.1601  -7.1339  -7.1296  -7.1290  -7.1269
    -7.1206  -7.1150  -7.1128  -7.1042  -7.1039  -7.1034  -7.0716  -7.0713
    -7.0698  -7.0525  -7.0517  -7.0394  -7.0136  -7.0050  -6.9994  -6.9879
    -6.9841  -6.9524  -6.9511  -6.9510  -6.9375  -6.9370  -6.9333  -6.9120
    -6.9069  -6.9026  -6.8672  -6.8644  -6.8533  -6.8463  -6.8450  -6.8155
    -6.8143  -6.7967  -6.7874  -6.7803  -6.7759  -6.7719  -6.7637  -6.7005
    -6.6472  -6.6165  -6.6145  -6.6144  -6.5277  -6.5198  -6.5074  -6.5027
    -6.4836  -6.4810  -6.4459  -6.3858  -6.3541  -6.3094  -6.3063  -6.2860
    -6.2681  -6.2523  -6.2520  -6.2305  -6.2298  -6.2110  -6.2043  -6.1771
    -6.1381  -6.1274  -6.0982  -6.0889  -6.0888  -6.0476  -6.0005  -5.9734
    -5.9661  -5.9591  -5.9280  -5.8524  -5.8159  -5.8064  -5.7939  -5.7520
    -5.7266  -5.6932  -5.6834  -5.6542  -5.6129  -5.6103  -5.5818  -5.5782
    -5.5755  -5.5516  -5.5379  -5.5111  -5.5019  -5.4977  -5.4571  -5.4287
    -5.3525  -5.3406  -5.3363  -5.2990  -5.2888  -5.2393  -5.2272  -5.2259
    -5.1728  -5.1458  -5.1389  -5.1181  -5.0822  -4.9975  -4.9964  -4.9664
    -4.9622  -4.9366  -4.9228  -4.8254  -4.8198  -4.7902  -4.7682  -4.7576
    -4.7441  -4.7392  -4.7368  -4.7357  -4.7303  -4.7052  -4.7026  -4.6870
    -4.6796  -4.6756  -4.6522  -4.6511  -4.6480  -4.5697  -4.5484  -4.5313
    -4.5079  -4.5001  -4.4863  -4.4731  -4.4726  -4.4641  -4.4483  -4.4435
    -4.4319  -4.4311  -4.4230  -4.4198  -4.4074  -4.4009  -4.3819  -4.3604
    -4.3510  -4.3500  -4.3462  -4.3441  -4.3074  -4.3073  -4.3065  -4.3042
    -4.3011  -4.2967  -4.2947  -4.2918  -4.2894  -4.2767  -4.2723  -4.2693
    -4.2530  -4.2473  -4.2453  -4.2445  -4.2412  -4.2362  -4.2270  -4.2206
    -4.2163  -4.2064  -4.2059  -4.2058  -4.1967  -4.1834  -4.1829  -4.1763
    -4.1760  -4.1590  -4.1574  -4.1434  -4.1433  -4.1354  -4.1283  -4.1216
    -4.1157  -4.1156  -4.1120  -4.1102  -4.1076  -4.1023  -4.0976  -4.0909
    -4.0876  -4.0851  -4.0736  -4.0734  -4.0663  -4.0585  -4.0524  -4.0474
    -4.0385  -4.0362  -4.0345  -4.0332  -4.0279  -4.0262  -4.0180  -4.0136
    -4.0102  -4.0098  -4.0068  -3.9990  -3.9944  -3.9937  -3.9924  -3.9806
    -3.9704  -3.9677  -3.9585  -3.9544  -3.9471  -3.9469  -3.9425  -3.9421
    -3.9408  -3.9375  -3.9366  -3.9264  -3.9236  -3.9179  -3.9164  -3.9157
    -3.9083  -3.8978  -3.8936  -3.8848  -3.8785  -3.8779  -3.8749  -3.8723
    -3.8668  -3.8642  -3.8612  -3.8482  -3.8456  -3.8361  -3.8305  -3.8293
    -3.8179  -3.8136  -3.8090  -3.7935  -3.7859  -3.7855  -3.7790  -3.7634
    -3.7570  -3.7504  -3.7441  -3.7422  -3.7406  -3.7235  -3.7210  -3.7101
    -3.7081  -3.7037  -3.7025  -3.6933  -3.6865  -3.6809  -3.6801  -3.6699
    -3.6662  -3.6586  -3.6526  -3.6427  -3.6420  -3.6323  -3.6206  -3.6198
    -3.6015  -3.5986  -3.5791  -3.5766  -3.5729  -3.5710  -3.5671  -3.5558
    -3.5432  -3.5324  -3.5289  -3.5279  -3.5273  -3.5205  -3.5125  -3.5104
    -3.5034  -3.4945  -3.4942  -3.4835  -3.4779  -3.4735  -3.4702  -3.4610
    -3.4604  -3.4353  -3.4253  -3.4241  -3.4161  -3.4115  -3.4010  -3.3716
    -3.3685  -3.3674  -3.3669  -3.3519  -3.3519  -3.3419  -3.3284  -3.3278
    -3.3264  -3.3080  -3.2948  -3.2934  -3.2735  -3.2716  -3.2665  -3.2590
    -3.2571  -3.2510  -3.2090  -3.1842  -3.1709  -3.1424  -3.1385  -3.1370
    -3.1118  -3.1047  -3.0995  -3.0924  -3.0923  -3.0764  -3.0749  -3.0561
    -3.0503  -3.0358  -3.0341  -3.0287  -3.0123  -3.0052  -3.0029  -2.9996
    -2.9958  -2.9957  -2.9795  -2.9776  -2.9487  -2.9257  -2.8837  -2.8150
    -2.7364  -2.7209  -2.6805  -2.6541  -2.6112  -2.5988  -2.5836  -2.5127
    -2.4752  -2.4668  -2.4458  -2.4337  -2.4047  -2.3667  -2.3508  -2.3472
    -2.2961  -2.2425  -2.2239  -2.1958  -2.1120  -2.0997  -2.0929  -2.0728
    -2.0581  -2.0384  -1.9519  -1.9490  -1.9417  -1.9254  -1.8832  -1.8096
    -1.8087  -1.7998  -1.7653  -1.6871  -1.6641  -1.6117  -1.6060  -1.5830
    -1.5684  -1.5529  -1.5492  -1.5114  -1.5101  -1.5099  -1.4789  -1.4787
    -1.4416  -1.4356  -1.3909  -1.3663  -1.3391  -1.2965  -1.2708  -1.2694
    -1.2206  -1.1855  -1.1815  -1.1397  -1.0887  -1.0880  -1.0863  -1.0821
    -1.0447  -1.0075  -0.9980  -0.9531  -0.9406  -0.8029  -0.7596  -0.7063
    -0.6625  -0.6382  -0.5437  -0.4728  -0.4145  -0.1601   0.5728   0.6414
     0.9658   1.3722   1.4422   1.4752   1.6117   1.8311   1.9940   2.1061
     2.1580   2.1792   2.2535   2.2786   2.3256   2.3812   2.4810   2.5535
     2.5650   2.6293   2.6846   2.6935   2.7394   2.7487   2.7706   2.7943
     2.8166   2.8584   2.8787   2.8838   2.8978   2.9475   2.9643   3.0199
     3.0338   3.0899   3.2129   3.2418   3.2492   3.2510   3.3786   3.3943
     3.3953   3.4308   3.4458   3.5060   3.5242   3.5998   3.6008   3.6358
     3.6366   3.6548   3.6725   3.7331   3.7501   3.7702   3.8043   3.8211
     3.8236   3.8718   3.8817   3.8822   3.9450   3.9546   3.9825   3.9956
     4.0039   4.1095   4.1298   4.1610   4.1749

          k =-0.5000 0.0158 0.0000 (297332 PWs)   bands (ev):

   -21.2266 -21.2265 -20.9994 -20.9994 -20.8182 -20.8181 -20.8140 -20.8139
   -20.7001 -20.7001 -20.6821 -20.6821 -20.6054 -20.6054 -20.5485 -20.5485
   -20.5173 -20.5173 -20.4914 -20.4914 -20.4744 -20.4744 -20.4373 -20.4373
   -20.3159 -20.3159 -20.2932 -20.2932 -20.2928 -20.2928 -20.1734 -20.1734
   -20.1683 -20.1683 -20.1532 -20.1531 -20.1303 -20.1303 -20.0487 -20.0487
   -19.9910 -19.9910 -19.9466 -19.9466 -19.9363 -19.9363 -19.9139 -19.9139
   -19.8419 -19.8418 -19.8212 -19.8211 -19.7425 -19.7425 -19.5744 -19.5744
   -19.3085 -19.3085 -19.2350 -19.2350 -19.0630 -19.0630 -19.0283 -19.0283
    -9.4009  -9.4009  -9.0134  -9.0134  -8.6522  -8.6522  -8.6427  -8.6427
    -8.3740  -8.3740  -8.2354  -8.2354  -8.2190  -8.2190  -8.0865  -8.0865
    -8.0701  -8.0700  -8.0480  -8.0479  -8.0211  -8.0211  -8.0105  -8.0105
    -7.9666  -7.9666  -7.9307  -7.9307  -7.9153  -7.9153  -7.9090  -7.9090
    -7.8187  -7.8187  -7.7761  -7.7761  -7.7583  -7.7582  -7.7353  -7.7352
    -7.6934  -7.6933  -7.6234  -7.6234  -7.5710  -7.5709  -7.5044  -7.5043
    -7.4500  -7.4500  -7.4128  -7.4128  -7.3893  -7.3893  -7.3753  -7.3752
    -7.3614  -7.3614  -7.3602  -7.3602  -7.3592  -7.3592  -7.2866  -7.2866
    -7.2176  -7.2176  -7.1905  -7.1904  -7.1855  -7.1855  -7.1589  -7.1589
    -7.1273  -7.1273  -7.1233  -7.1233  -7.0929  -7.0929  -7.0789  -7.0788
    -7.0502  -7.0502  -7.0427  -7.0427  -7.0149  -7.0149  -7.0109  -7.0108
    -6.9876  -6.9876  -6.9606  -6.9605  -6.9214  -6.9213  -6.9184  -6.9184
    -6.9117  -6.9117  -6.8834  -6.8834  -6.8490  -6.8490  -6.8356  -6.8356
    -6.8185  -6.8185  -6.7793  -6.7793  -6.7723  -6.7723  -6.7370  -6.7369
    -6.7071  -6.7071  -6.6355  -6.6355  -6.5747  -6.5747  -6.5171  -6.5170
    -6.5010  -6.5010  -6.4593  -6.4593  -6.3723  -6.3722  -6.3209  -6.3208
    -6.2931  -6.2930  -6.2727  -6.2727  -6.2056  -6.2056  -6.1246  -6.1246
    -6.1229  -6.1229  -6.1222  -6.1222  -6.0999  -6.0999  -6.0305  -6.0305
    -5.9676  -5.9675  -5.9495  -5.9495  -5.7382  -5.7382  -5.7239  -5.7239
    -5.6875  -5.6875  -5.5789  -5.5789  -5.5534  -5.5534  -5.5053  -5.5053
    -5.5052  -5.5052  -5.4923  -5.4923  -5.4846  -5.4846  -5.4343  -5.4342
    -5.4126  -5.4126  -5.4057  -5.4056  -5.3308  -5.3308  -5.3015  -5.3015
    -5.2900  -5.2900  -5.1317  -5.1317  -5.0409  -5.0409  -4.9249  -4.9249
    -4.8064  -4.8064  -4.7912  -4.7912  -4.7665  -4.7665  -4.7592  -4.7592
    -4.7278  -4.7277  -4.6937  -4.6937  -4.6905  -4.6905  -4.6829  -4.6828
    -4.6761  -4.6761  -4.6378  -4.6378  -4.6241  -4.6241  -4.5478  -4.5478
    -4.4916  -4.4916  -4.4684  -4.4684  -4.4447  -4.4447  -4.4416  -4.4416
    -4.4394  -4.4394  -4.4312  -4.4312  -4.4187  -4.4187  -4.4035  -4.4035
    -4.3818  -4.3818  -4.3329  -4.3328  -4.3292  -4.3292  -4.3153  -4.3153
    -4.2975  -4.2975  -4.2874  -4.2874  -4.2841  -4.2841  -4.2627  -4.2626
    -4.2555  -4.2555  -4.2460  -4.2460  -4.2390  -4.2389  -4.2173  -4.2173
    -4.2115  -4.2115  -4.1953  -4.1953  -4.1918  -4.1918  -4.1731  -4.1731
    -4.1725  -4.1725  -4.1658  -4.1658  -4.1610  -4.1610  -4.1550  -4.1550
    -4.1496  -4.1496  -4.1454  -4.1454  -4.1401  -4.1400  -4.1382  -4.1382
    -4.1223  -4.1223  -4.1077  -4.1076  -4.0934  -4.0934  -4.0687  -4.0686
    -4.0665  -4.0664  -4.0529  -4.0529  -4.0374  -4.0373  -4.0306  -4.0306
    -4.0241  -4.0241  -4.0231  -4.0231  -4.0102  -4.0102  -4.0052  -4.0051
    -4.0028  -4.0028  -3.9955  -3.9955  -3.9802  -3.9802  -3.9780  -3.9780
    -3.9456  -3.9456  -3.9421  -3.9421  -3.9290  -3.9290  -3.9234  -3.9234
    -3.9106  -3.9106  -3.8918  -3.8918  -3.8850  -3.8850  -3.8843  -3.8843
    -3.8808  -3.8808  -3.8636  -3.8636  -3.8634  -3.8634  -3.8138  -3.8138
    -3.7994  -3.7994  -3.7901  -3.7901  -3.7900  -3.7900  -3.7559  -3.7559
    -3.7511  -3.7511  -3.7189  -3.7189  -3.7183  -3.7183  -3.7019  -3.7019
    -3.6885  -3.6885  -3.6666  -3.6666  -3.6623  -3.6623  -3.6428  -3.6428
    -3.6341  -3.6341  -3.6257  -3.6257  -3.6243  -3.6243  -3.5916  -3.5916
    -3.5670  -3.5670  -3.5605  -3.5605  -3.5426  -3.5426  -3.5371  -3.5371
    -3.5204  -3.5204  -3.5117  -3.5117  -3.5097  -3.5097  -3.5043  -3.5042
    -3.4948  -3.4948  -3.4897  -3.4897  -3.4661  -3.4661  -3.4638  -3.4638
    -3.4020  -3.4020  -3.3952  -3.3952  -3.3851  -3.3850  -3.3776  -3.3775
    -3.3616  -3.3616  -3.3472  -3.3472  -3.3314  -3.3314  -3.3256  -3.3256
    -3.3164  -3.3164  -3.2968  -3.2968  -3.2423  -3.2423  -3.2386  -3.2386
    -3.1918  -3.1918  -3.1887  -3.1887  -3.1551  -3.1551  -3.1411  -3.1411
    -3.1089  -3.1088  -3.0872  -3.0872  -3.0706  -3.0706  -3.0501  -3.0501
    -3.0291  -3.0291  -3.0159  -3.0159  -3.0133  -3.0133  -2.9915  -2.9915
    -2.9849  -2.9849  -2.9338  -2.9338  -2.9191  -2.9191  -2.8997  -2.8997
    -2.8683  -2.8683  -2.7874  -2.7874  -2.6371  -2.6371  -2.4658  -2.4658
    -2.4657  -2.4657  -2.4235  -2.4235  -2.3747  -2.3747  -2.2223  -2.2222
    -2.1690  -2.1689  -2.1380  -2.1377  -2.0879  -2.0878  -2.0806  -2.0806
    -2.0677  -2.0677  -2.0561  -2.0561  -1.9970  -1.9970  -1.9349  -1.9349
    -1.8940  -1.8940  -1.7838  -1.7837  -1.6680  -1.6679  -1.6610  -1.6610
    -1.6201  -1.6199  -1.6166  -1.6166  -1.5727  -1.5726  -1.5369  -1.5367
    -1.5175  -1.5174  -1.3901  -1.3901  -1.3140  -1.3140  -1.2226  -1.2225
    -1.1513  -1.1513  -1.0850  -1.0849  -1.0331  -1.0330  -0.9930  -0.9929
    -0.9769  -0.9769  -0.9616  -0.9616  -0.9054  -0.9054  -0.6916  -0.6915
    -0.5951  -0.5951  -0.4057  -0.4057  -0.0186  -0.0186   0.4021   0.4021
     0.7707   0.7707   1.5631   1.5632   1.6877   1.6877   1.7247   1.7247
     2.3549   2.3549   2.3918   2.3918   2.5245   2.5245   2.5731   2.5731
     2.6386   2.6386   2.7054   2.7054   2.7881   2.7881   2.8392   2.8392
     2.8697   2.8698   2.9026   2.9026   2.9709   2.9709   3.0801   3.0801
     3.1798   3.1799   3.2530   3.2531   3.2746   3.2747   3.2858   3.2858
     3.3394   3.3394   3.4284   3.4284   3.5278   3.5278   3.5606   3.5606
     3.6287   3.6287   3.7004   3.7005   3.7684   3.7684   3.8321   3.8321
     3.8911   3.8912   3.9575   3.9575   4.0224   4.0224   4.0285   4.0285
     4.0403   4.0403   4.1532   4.1532   4.2458

          k =-0.5000 0.3007 0.0000 (297403 PWs)   bands (ev):

   -21.1904 -21.1864 -20.9668 -20.9628 -20.9101 -20.8999 -20.7925 -20.7884
   -20.7873 -20.7837 -20.7156 -20.7055 -20.6020 -20.5936 -20.5908 -20.5831
   -20.5823 -20.5781 -20.4585 -20.4478 -20.4180 -20.4142 -20.4062 -20.3967
   -20.3097 -20.2984 -20.2691 -20.2608 -20.2004 -20.1997 -20.1928 -20.1908
   -20.1489 -20.1460 -20.1039 -20.0989 -20.0849 -20.0749 -20.0296 -20.0255
   -20.0215 -20.0198 -19.9955 -19.9904 -19.9733 -19.9691 -19.9538 -19.9494
   -19.8753 -19.8706 -19.8497 -19.8454 -19.7257 -19.7223 -19.6121 -19.6066
   -19.2685 -19.2636 -19.1974 -19.1915 -19.0963 -19.0925 -19.0542 -19.0504
    -9.2666  -9.2620  -8.8989  -8.8933  -8.5835  -8.5701  -8.5655  -8.5459
    -8.3292  -8.3280  -8.3253  -8.3176  -8.1932  -8.1879  -8.1878  -8.1833
    -8.1527  -8.1485  -8.1483  -8.1450  -8.1103  -8.1045  -8.0292  -8.0253
    -8.0059  -8.0006  -7.9935  -7.9922  -7.9860  -7.9841  -7.9817  -7.9584
    -7.8808  -7.8726  -7.8711  -7.8665  -7.8585  -7.8471  -7.8034  -7.7440
    -7.7405  -7.7356  -7.6976  -7.6920  -7.6116  -7.5933  -7.5627  -7.5290
    -7.4667  -7.4553  -7.4028  -7.3978  -7.3951  -7.3858  -7.3858  -7.3744
    -7.3490  -7.3488  -7.3243  -7.3219  -7.3180  -7.2718  -7.1922  -7.1915
    -7.1877  -7.1843  -7.1537  -7.1534  -7.1491  -7.1463  -7.1428  -7.1423
    -7.1422  -7.1419  -7.1331  -7.1323  -7.1257  -7.1192  -7.1137  -7.0974
    -7.0809  -7.0766  -7.0757  -7.0708  -7.0579  -7.0529  -7.0267  -7.0156
    -7.0061  -7.0021  -6.9673  -6.9533  -6.9165  -6.9089  -6.9087  -6.9078
    -6.9062  -6.8985  -6.8728  -6.8682  -6.8608  -6.8436  -6.8357  -6.8283
    -6.8272  -6.8267  -6.8257  -6.8178  -6.8085  -6.8060  -6.7747  -6.7730
    -6.7127  -6.7071  -6.5412  -6.5198  -6.4860  -6.4709  -6.3812  -6.3811
    -6.3654  -6.3520  -6.3491  -6.3398  -6.3384  -6.2971  -6.2329  -6.2306
    -6.1555  -6.1541  -6.1534  -6.1217  -6.1097  -6.1034  -6.1009  -6.0880
    -6.0736  -6.0721  -6.0360  -6.0218  -6.0111  -5.9860  -5.9761  -5.9744
    -5.9388  -5.9338  -5.9271  -5.8825  -5.8539  -5.7784  -5.7382  -5.7294
    -5.7140  -5.6942  -5.6935  -5.6707  -5.6694  -5.6656  -5.6550  -5.6429
    -5.6224  -5.5647  -5.5052  -5.5014  -5.4976  -5.4895  -5.4882  -5.4772
    -5.4717  -5.4405  -5.3693  -5.3472  -5.3117  -5.3090  -5.2968  -5.2944
    -5.2913  -5.2744  -5.2560  -5.1929  -5.1236  -5.0988  -4.9767  -4.9618
    -4.9410  -4.9277  -4.8535  -4.8451  -4.7952  -4.7846  -4.7655  -4.7595
    -4.7568  -4.7542  -4.7274  -4.7252  -4.7020  -4.7011  -4.6942  -4.6867
    -4.6804  -4.6747  -4.6622  -4.6421  -4.6372  -4.6299  -4.6053  -4.6000
    -4.5544  -4.5358  -4.5227  -4.5041  -4.4715  -4.4702  -4.4691  -4.4635
    -4.4556  -4.4438  -4.4367  -4.4318  -4.4284  -4.4269  -4.3586  -4.3580
    -4.3535  -4.3411  -4.3263  -4.3212  -4.3124  -4.3055  -4.3016  -4.2956
    -4.2859  -4.2822  -4.2812  -4.2783  -4.2685  -4.2661  -4.2460  -4.2401
    -4.2393  -4.2330  -4.2298  -4.2224  -4.2197  -4.2155  -4.2138  -4.2066
    -4.1995  -4.1981  -4.1950  -4.1934  -4.1918  -4.1892  -4.1877  -4.1722
    -4.1696  -4.1691  -4.1482  -4.1462  -4.1456  -4.1381  -4.1366  -4.1275
    -4.1251  -4.1248  -4.1173  -4.1155  -4.1064  -4.1054  -4.1052  -4.0884
    -4.0853  -4.0851  -4.0792  -4.0746  -4.0729  -4.0724  -4.0458  -4.0391
    -4.0361  -4.0326  -4.0323  -4.0291  -4.0239  -4.0236  -4.0226  -4.0202
    -4.0174  -4.0151  -4.0116  -4.0098  -4.0011  -4.0002  -3.9966  -3.9949
    -3.9780  -3.9737  -3.9724  -3.9665  -3.9561  -3.9523  -3.9493  -3.9478
    -3.9461  -3.9410  -3.9230  -3.9145  -3.9141  -3.9111  -3.9050  -3.9013
    -3.8986  -3.8952  -3.8930  -3.8876  -3.8831  -3.8798  -3.8750  -3.8722
    -3.8678  -3.8666  -3.8629  -3.8437  -3.8302  -3.8286  -3.8161  -3.8155
    -3.8147  -3.8054  -3.8026  -3.7992  -3.7913  -3.7858  -3.7729  -3.7528
    -3.7518  -3.7509  -3.7471  -3.7436  -3.7365  -3.7348  -3.7337  -3.7309
    -3.7152  -3.7143  -3.7009  -3.7007  -3.6979  -3.6906  -3.6723  -3.6714
    -3.6579  -3.6540  -3.6430  -3.6401  -3.6361  -3.6195  -3.6165  -3.6156
    -3.6098  -3.6045  -3.6031  -3.5948  -3.5605  -3.5565  -3.5489  -3.5476
    -3.5448  -3.5298  -3.5184  -3.5148  -3.5142  -3.5123  -3.5109  -3.5067
    -3.5038  -3.4973  -3.4925  -3.4883  -3.4864  -3.4838  -3.4251  -3.4209
    -3.3891  -3.3856  -3.3837  -3.3799  -3.3783  -3.3776  -3.3728  -3.3727
    -3.3700  -3.3694  -3.3686  -3.3594  -3.3423  -3.3412  -3.3405  -3.3315
    -3.3289  -3.3279  -3.3269  -3.3212  -3.2748  -3.2747  -3.2722  -3.2545
    -3.2401  -3.2294  -3.2275  -3.2248  -3.1641  -3.1574  -3.1561  -3.1533
    -3.1199  -3.1181  -3.1129  -3.1025  -3.0650  -3.0573  -3.0536  -3.0513
    -3.0494  -3.0470  -3.0470  -3.0408  -3.0318  -3.0315  -3.0090  -3.0019
    -3.0013  -2.9994  -2.9563  -2.9544  -2.8795  -2.8778  -2.8672  -2.8627
    -2.7921  -2.7872  -2.7826  -2.7663  -2.6167  -2.6085  -2.4622  -2.4603
    -2.4579  -2.4474  -2.4460  -2.4210  -2.4163  -2.3983  -2.3955  -2.3918
    -2.3230  -2.2900  -2.1305  -2.1181  -2.1100  -2.0685  -2.0657  -2.0613
    -2.0348  -1.9959  -1.9147  -1.9138  -1.8731  -1.8457  -1.8130  -1.7942
    -1.7810  -1.7613  -1.7597  -1.7340  -1.6147  -1.6136  -1.6121  -1.5919
    -1.5890  -1.5732  -1.5565  -1.5499  -1.5425  -1.5231  -1.5159  -1.5050
    -1.4569  -1.4496  -1.4190  -1.3922  -1.3917  -1.3554  -1.2841  -1.2839
    -1.1804  -1.1510  -1.1213  -1.1126  -1.1099  -1.1003  -1.0470  -1.0443
    -1.0276  -1.0169  -1.0104  -0.9970  -0.9549  -0.9333  -0.8496  -0.8161
    -0.6969  -0.6628  -0.5566  -0.5254   0.0299   0.0639   0.3216   0.3544
     0.9389   0.9674   1.6654   1.6770   1.7538   1.7953   1.8567   1.8740
     2.0472   2.0722   2.3403   2.4177   2.4282   2.4433   2.4650   2.4761
     2.6339   2.6508   2.6937   2.7030   2.7623   2.7887   2.7935   2.8149
     2.8691   2.9236   2.9631   2.9687   3.0779   3.0799   3.0939   3.1066
     3.1137   3.1164   3.1963   3.2358   3.3016   3.3477   3.3567   3.3663
     3.4308   3.4367   3.4901   3.5420   3.5435   3.5472   3.5525   3.5566
     3.5614   3.5909   3.6407   3.6711   3.7586   3.8018   3.8046   3.8093
     3.8193   3.8463   3.8691   3.8930   3.8993   3.9020   4.0153   4.0393
     4.0487   4.0530   4.0939   4.1037   4.2697

          k =-0.5000-0.5540 0.0000 (297400 PWs)   bands (ev):

   -21.0814 -21.0812 -21.0738 -21.0737 -20.8686 -20.8684 -20.8610 -20.8608
   -20.7153 -20.7152 -20.7080 -20.7079 -20.7076 -20.7075 -20.7009 -20.7008
   -20.5120 -20.5119 -20.5043 -20.5041 -20.3587 -20.3587 -20.3516 -20.3515
   -20.2521 -20.2521 -20.2432 -20.2431 -20.1267 -20.1265 -20.1177 -20.1175
   -20.0939 -20.0938 -20.0899 -20.0899 -20.0715 -20.0715 -20.0639 -20.0639
   -20.0570 -20.0569 -20.0497 -20.0495 -19.9637 -19.9635 -19.9552 -19.9550
   -19.9243 -19.9241 -19.9165 -19.9164 -19.6767 -19.6766 -19.6709 -19.6709
   -19.1781 -19.1780 -19.1721 -19.1720 -19.1195 -19.1194 -19.1131 -19.1131
    -8.8824  -8.8822  -8.8736  -8.8735  -8.5763  -8.5761  -8.5662  -8.5660
    -8.3973  -8.3972  -8.3513  -8.3512  -8.3450  -8.3449  -8.3361  -8.3360
    -8.1984  -8.1984  -8.1921  -8.1921  -8.1094  -8.1093  -8.0952  -8.0951
    -8.0392  -8.0391  -7.9861  -7.9860  -7.9411  -7.9410  -7.9319  -7.9318
    -7.9261  -7.9260  -7.9126  -7.9125  -7.8621  -7.8621  -7.8549  -7.8548
    -7.7600  -7.7599  -7.7319  -7.7318  -7.6666  -7.6666  -7.6257  -7.6256
    -7.4384  -7.4383  -7.4258  -7.4257  -7.3837  -7.3837  -7.3764  -7.3764
    -7.3273  -7.3273  -7.3172  -7.3172  -7.2178  -7.2178  -7.2077  -7.2076
    -7.2018  -7.2017  -7.2007  -7.2006  -7.1628  -7.1627  -7.1408  -7.1407
    -7.1280  -7.1278  -7.1091  -7.1091  -7.0763  -7.0763  -7.0748  -7.0748
    -7.0727  -7.0727  -7.0689  -7.0688  -7.0544  -7.0542  -7.0527  -7.0527
    -7.0407  -7.0404  -7.0210  -7.0207  -6.9307  -6.9297  -6.9276  -6.9267
    -6.9053  -6.9049  -6.8918  -6.8917  -6.8650  -6.8649  -6.8584  -6.8583
    -6.8571  -6.8570  -6.8095  -6.8094  -6.7625  -6.7624  -6.7607  -6.7607
    -6.5657  -6.5657  -6.5626  -6.5625  -6.4771  -6.4771  -6.4365  -6.4365
    -6.2939  -6.2939  -6.2838  -6.2838  -6.0808  -6.0807  -6.0507  -6.0506
    -6.0246  -6.0246  -6.0109  -6.0109  -5.9801  -5.9800  -5.9753  -5.9752
    -5.9530  -5.9529  -5.9522  -5.9521  -5.8848  -5.8847  -5.8744  -5.8742
    -5.8474  -5.8473  -5.8341  -5.8340  -5.8199  -5.8198  -5.8001  -5.7999
    -5.7619  -5.7618  -5.7393  -5.7393  -5.6496  -5.6496  -5.6267  -5.6267
    -5.6222  -5.6222  -5.5925  -5.5925  -5.5848  -5.5846  -5.5465  -5.5463
    -5.5268  -5.5267  -5.5060  -5.5060  -5.4008  -5.4008  -5.3439  -5.3439
    -5.3180  -5.3179  -5.3082  -5.3081  -5.2439  -5.2438  -5.2428  -5.2427
    -4.8494  -4.8493  -4.8386  -4.8386  -4.8282  -4.8282  -4.8193  -4.8191
    -4.7838  -4.7836  -4.7711  -4.7710  -4.6851  -4.6847  -4.6818  -4.6815
    -4.6814  -4.6814  -4.6569  -4.6568  -4.6184  -4.6184  -4.5915  -4.5914
    -4.5301  -4.5300  -4.5182  -4.5181  -4.5057  -4.5057  -4.5057  -4.5056
    -4.4719  -4.4718  -4.4645  -4.4645  -4.4083  -4.4082  -4.3929  -4.3928
    -4.3376  -4.3375  -4.3346  -4.3345  -4.3010  -4.3010  -4.2893  -4.2893
    -4.2731  -4.2731  -4.2605  -4.2605  -4.2438  -4.2438  -4.2422  -4.2422
    -4.2314  -4.2313  -4.2305  -4.2304  -4.2055  -4.2054  -4.1998  -4.1996
    -4.1987  -4.1987  -4.1868  -4.1867  -4.1824  -4.1822  -4.1679  -4.1678
    -4.1652  -4.1651  -4.1437  -4.1436  -4.1243  -4.1242  -4.1213  -4.1213
    -4.1137  -4.1136  -4.1087  -4.1086  -4.0659  -4.0659  -4.0565  -4.0565
    -4.0461  -4.0458  -4.0442  -4.0440  -4.0263  -4.0260  -4.0255  -4.0254
    -4.0200  -4.0199  -4.0120  -4.0116  -4.0008  -4.0007  -3.9991  -3.9991
    -3.9945  -3.9944  -3.9876  -3.9876  -3.9804  -3.9804  -3.9748  -3.9747
    -3.9692  -3.9691  -3.9584  -3.9584  -3.9546  -3.9545  -3.9442  -3.9441
    -3.9019  -3.9019  -3.8951  -3.8950  -3.8946  -3.8946  -3.8705  -3.8704
    -3.8687  -3.8687  -3.8620  -3.8619  -3.8571  -3.8570  -3.8456  -3.8456
    -3.8222  -3.8221  -3.8208  -3.8207  -3.8187  -3.8186  -3.8134  -3.8133
    -3.7982  -3.7981  -3.7961  -3.7960  -3.7916  -3.7916  -3.7864  -3.7864
    -3.7785  -3.7784  -3.7685  -3.7685  -3.7629  -3.7629  -3.7612  -3.7612
    -3.7534  -3.7534  -3.7470  -3.7469  -3.7323  -3.7322  -3.7306  -3.7305
    -3.6751  -3.6751  -3.6734  -3.6733  -3.6148  -3.6147  -3.6135  -3.6135
    -3.6125  -3.6125  -3.5990  -3.5989  -3.5753  -3.5751  -3.5618  -3.5616
    -3.5523  -3.5523  -3.5490  -3.5490  -3.5404  -3.5402  -3.5358  -3.5357
    -3.4968  -3.4968  -3.4903  -3.4903  -3.4293  -3.4293  -3.4270  -3.4270
    -3.4073  -3.4073  -3.3995  -3.3994  -3.3822  -3.3822  -3.3816  -3.3816
    -3.3705  -3.3705  -3.3585  -3.3585  -3.3499  -3.3499  -3.3458  -3.3457
    -3.3448  -3.3447  -3.3421  -3.3421  -3.3209  -3.3208  -3.3176  -3.3175
    -3.2958  -3.2958  -3.2777  -3.2776  -3.1834  -3.1834  -3.1738  -3.1737
    -3.0922  -3.0922  -3.0862  -3.0862  -3.0843  -3.0843  -3.0818  -3.0818
    -3.0321  -3.0318  -3.0284  -3.0284  -3.0260  -3.0260  -3.0215  -3.0212
    -2.9998  -2.9995  -2.9950  -2.9947  -2.8606  -2.8606  -2.8536  -2.8535
    -2.6971  -2.6966  -2.6843  -2.6837  -2.6192  -2.6192  -2.5970  -2.5970
    -2.4530  -2.4528  -2.4459  -2.4459  -2.4421  -2.4420  -2.4244  -2.4241
    -2.2692  -2.2692  -2.2580  -2.2580  -2.0507  -2.0500  -2.0250  -2.0245
    -1.8648  -1.8647  -1.7906  -1.7902  -1.7866  -1.7865  -1.7445  -1.7442
    -1.7027  -1.7024  -1.6330  -1.6324  -1.6281  -1.6275  -1.6201  -1.6199
    -1.5974  -1.5972  -1.5748  -1.5744  -1.4709  -1.4697  -1.4375  -1.4365
    -1.3296  -1.3287  -1.3278  -1.3276  -1.2816  -1.2815  -1.2620  -1.2614
    -1.2424  -1.2421  -1.2115  -1.2112  -1.1921  -1.1918  -1.1546  -1.1543
    -1.0926  -1.0925  -1.0868  -1.0868  -0.8848  -0.8847  -0.8588  -0.8587
    -0.8418  -0.8417  -0.8187  -0.8186   0.1701   0.1701   0.2138   0.2138
     1.3606   1.3607   1.4005   1.4006   1.9807   1.9807   2.0551   2.0551
     2.1404   2.1404   2.1450   2.1451   2.3395   2.3395   2.3602   2.3602
     2.5954   2.5954   2.6272   2.6272   2.7847   2.7847   2.7868   2.7868
     2.8736   2.8736   2.8753   2.8753   2.9285   2.9285   2.9615   2.9616
     3.3098   3.3098   3.3445   3.3445   3.3975   3.3976   3.4730   3.4730
     3.5417   3.5417   3.5540   3.5540   3.6332   3.6332   3.6353   3.6353
     3.6532   3.6533   3.6991   3.6992   3.7708   3.7708   3.8048   3.8048
     3.8843   3.8843   3.9172   3.9173   3.9355   3.9356   3.9666   3.9666
     3.9692   3.9692   4.0488   4.0488   4.0922

     the Fermi energy is    -1.6110 ev

!    total energy              =  -16299.69992016 Ry
     total all-electron energy =   -221466.206064 Ry
     estimated scf accuracy    <          9.9E-09 Ry
     smearing contrib. (-TS)   =      -0.01846482 Ry
     internal energy E=F+TS    =  -16299.68145534 Ry

     The total energy is F=E-TS. E is the sum of the following terms:
     one-electron contribution = -285457.98961634 Ry
     hartree contribution      =  143570.43301036 Ry
     xc contribution           =   -3322.79977165 Ry
     ewald contribution        =  135270.58629716 Ry
     one-center paw contrib.   =   -6359.91137488 Ry

     total magnetization       =     0.24 Bohr mag/cell
     absolute magnetization    =     0.64 Bohr mag/cell

     convergence has been achieved in 246 iterations

     negative rho (up, down):  3.466E-03 3.463E-03

     Forces acting on atoms (cartesian axes, Ry/au):

     atom    1 type  1   force =     0.00115667    0.00087817    0.01441460
     atom    2 type  1   force =     0.00011614    0.00033924    0.00398557
     atom    3 type  1   force =     0.00115686    0.00087788    0.01441487
     atom    4 type  1   force =     0.00011608    0.00033912    0.00398542
     atom    5 type  2   force =    -0.00020183   -0.02938399   -0.00728305
     atom    6 type  2   force =     0.00029628    0.02870528   -0.00738816
     atom    7 type  2   force =    -0.00020145   -0.02938195   -0.00727896
     atom    8 type  2   force =     0.00029611    0.02870240   -0.00738402
     atom    9 type  1   force =    -0.00054372   -0.00052024   -0.01332041
     atom   10 type  1   force =    -0.00005600    0.00045656    0.00367537
     atom   11 type  1   force =    -0.00054373   -0.00052019   -0.01332219
     atom   12 type  1   force =    -0.00005395    0.00045557    0.00367539
     atom   13 type  2   force =     0.00170338    0.00119007    0.00107151
     atom   14 type  2   force =    -0.00106074    0.00012883    0.00407013
     atom   15 type  2   force =     0.00170288    0.00118693    0.00107579
     atom   16 type  2   force =    -0.00106107    0.00013167    0.00407416
     atom   17 type  1   force =    -0.00008759   -0.00012508   -0.00009235
     atom   18 type  1   force =     0.00001856   -0.00030580   -0.00008631
     atom   19 type  1   force =    -0.00008620   -0.00012548   -0.00009526
     atom   20 type  1   force =     0.00001927   -0.00030474   -0.00008657
     atom   21 type  2   force =    -0.00001514   -0.00016080   -0.00006662
     atom   22 type  2   force =    -0.00026020   -0.00054815    0.00038609
     atom   23 type  2   force =    -0.00001508   -0.00016071   -0.00006670
     atom   24 type  2   force =    -0.00026071   -0.00054821    0.00038589
     atom   25 type  1   force =    -0.00015662    0.00012130    0.00014933
     atom   26 type  1   force =    -0.00039108   -0.00023755    0.00041288
     atom   27 type  1   force =    -0.00015702    0.00012126    0.00014942
     atom   28 type  1   force =    -0.00039097   -0.00023785    0.00041270
     atom   29 type  2   force =    -0.00020015   -0.00065109    0.00008226
     atom   30 type  2   force =    -0.00031893    0.00011182   -0.00001619
     atom   31 type  2   force =    -0.00020056   -0.00065135    0.00008231
     atom   32 type  2   force =    -0.00031918    0.00011203   -0.00001618
     atom   33 type  1   force =     0.00115673    0.00087803    0.01441503
     atom   34 type  1   force =     0.00011660    0.00033957    0.00398552
     atom   35 type  1   force =     0.00115668    0.00087795    0.01441372
     atom   36 type  1   force =     0.00011591    0.00033968    0.00398552
     atom   37 type  2   force =    -0.00020154   -0.02938216   -0.00727786
     atom   38 type  2   force =     0.00029609    0.02870285   -0.00738297
     atom   39 type  2   force =    -0.00020172   -0.02938343   -0.00728483
     atom   40 type  2   force =     0.00029614    0.02870461   -0.00738977
     atom   41 type  1   force =    -0.00054328   -0.00051992   -0.01332147
     atom   42 type  1   force =    -0.00005505    0.00045644    0.00367571
     atom   43 type  1   force =    -0.00054360   -0.00052005   -0.01331778
     atom   44 type  1   force =    -0.00005497    0.00045687    0.00367572
     atom   45 type  2   force =     0.00170339    0.00118779    0.00107904
     atom   46 type  2   force =    -0.00106092    0.00013168    0.00407765
     atom   47 type  2   force =     0.00170357    0.00119180    0.00107212
     atom   48 type  2   force =    -0.00106080    0.00012766    0.00407123
     atom   49 type  1   force =    -0.00008697   -0.00012580   -0.00010239
     atom   50 type  1   force =     0.00001895   -0.00030174   -0.00008648
     atom   51 type  1   force =    -0.00008847   -0.00012519   -0.00009584
     atom   52 type  1   force =     0.00001862   -0.00030291   -0.00008607
     atom   53 type  2   force =    -0.00001478   -0.00015905   -0.00006756
     atom   54 type  2   force =    -0.00026058   -0.00055054    0.00038535
     atom   55 type  2   force =    -0.00001521   -0.00015862   -0.00006674
     atom   56 type  2   force =    -0.00026058   -0.00055092    0.00038625
     atom   57 type  1   force =    -0.00015743    0.00012137    0.00014915
     atom   58 type  1   force =    -0.00039079   -0.00023711    0.00041295
     atom   59 type  1   force =    -0.00015677    0.00012138    0.00014930
     atom   60 type  1   force =    -0.00039087   -0.00023685    0.00041308
     atom   61 type  2   force =    -0.00020045   -0.00065065    0.00008215
     atom   62 type  2   force =    -0.00031919    0.00011162   -0.00001615
     atom   63 type  2   force =    -0.00020004   -0.00065065    0.00008199
     atom   64 type  2   force =    -0.00031888    0.00011175   -0.00001619
     atom   65 type  1   force =     0.00115682    0.00087813    0.01441386
     atom   66 type  1   force =     0.00011558    0.00033874    0.00398512
     atom   67 type  1   force =     0.00115663    0.00087815    0.01441419
     atom   68 type  1   force =     0.00011665    0.00033907    0.00398498
     atom   69 type  2   force =    -0.00020176   -0.02938388   -0.00728249
     atom   70 type  2   force =     0.00029636    0.02870526   -0.00738755
     atom   71 type  2   force =    -0.00020151   -0.02938177   -0.00727788
     atom   72 type  2   force =     0.00029616    0.02870241   -0.00738293
     atom   73 type  1   force =    -0.00054348   -0.00052009   -0.01331878
     atom   74 type  1   force =    -0.00005488    0.00045647    0.00367581
     atom   75 type  1   force =    -0.00054361   -0.00052014   -0.01332049
     atom   76 type  1   force =    -0.00005470    0.00045724    0.00367616
     atom   77 type  2   force =     0.00170327    0.00119279    0.00107296
     atom   78 type  2   force =    -0.00106106    0.00012717    0.00407198
     atom   79 type  2   force =     0.00170381    0.00118859    0.00107693
     atom   80 type  2   force =    -0.00106056    0.00013054    0.00407560
     atom   81 type  1   force =    -0.00008682   -0.00012587   -0.00010000
     atom   82 type  1   force =     0.00001886   -0.00030331   -0.00008654
     atom   83 type  1   force =    -0.00008884   -0.00012571   -0.00010008
     atom   84 type  1   force =     0.00001847   -0.00030435   -0.00008618
     atom   85 type  2   force =    -0.00001480   -0.00015923   -0.00006687
     atom   86 type  2   force =    -0.00026067   -0.00055013    0.00038610
     atom   87 type  2   force =    -0.00001516   -0.00015847   -0.00006673
     atom   88 type  2   force =    -0.00026055   -0.00055097    0.00038631
     atom   89 type  1   force =    -0.00015746    0.00012141    0.00014912
     atom   90 type  1   force =    -0.00039086   -0.00023743    0.00041290
     atom   91 type  1   force =    -0.00015688    0.00012141    0.00014886
     atom   92 type  1   force =    -0.00039089   -0.00023707    0.00041309
     atom   93 type  2   force =    -0.00020044   -0.00065069    0.00008239
     atom   94 type  2   force =    -0.00031917    0.00011160   -0.00001599
     atom   95 type  2   force =    -0.00020005   -0.00065096    0.00008217
     atom   96 type  2   force =    -0.00031892    0.00011200   -0.00001614
     atom   97 type  1   force =     0.00115678    0.00087782    0.01441525
     atom   98 type  1   force =     0.00011612    0.00033993    0.00398483
     atom   99 type  1   force =     0.00115672    0.00087795    0.01441357
     atom  100 type  1   force =     0.00011575    0.00033979    0.00398527
     atom  101 type  2   force =    -0.00020147   -0.02938228   -0.00727741
     atom  102 type  2   force =     0.00029636    0.02870303   -0.00738252
     atom  103 type  2   force =    -0.00020173   -0.02938358   -0.00728348
     atom  104 type  2   force =     0.00029612    0.02870481   -0.00738857
     atom  105 type  1   force =    -0.00054401   -0.00052059   -0.01332275
     atom  106 type  1   force =    -0.00005518    0.00045640    0.00367572
     atom  107 type  1   force =    -0.00054353   -0.00052009   -0.01332064
     atom  108 type  1   force =    -0.00005463    0.00045549    0.00367549
     atom  109 type  2   force =     0.00170335    0.00118587    0.00107564
     atom  110 type  2   force =    -0.00106076    0.00013227    0.00407404
     atom  111 type  2   force =     0.00170306    0.00119048    0.00107015
     atom  112 type  2   force =    -0.00106101    0.00012843    0.00406895
     atom  113 type  1   force =    -0.00008748   -0.00012470   -0.00009273
     atom  114 type  1   force =     0.00001870   -0.00030458   -0.00008655
     atom  115 type  1   force =    -0.00008617   -0.00012504   -0.00009011
     atom  116 type  1   force =     0.00001925   -0.00030358   -0.00008667
     atom  117 type  2   force =    -0.00001524   -0.00016075   -0.00006745
     atom  118 type  2   force =    -0.00026029   -0.00054844    0.00038523
     atom  119 type  2   force =    -0.00001506   -0.00016104   -0.00006696
     atom  120 type  2   force =    -0.00026065   -0.00054798    0.00038559
     atom  121 type  1   force =    -0.00015668    0.00012126    0.00014930
     atom  122 type  1   force =    -0.00039107   -0.00023731    0.00041289
     atom  123 type  1   force =    -0.00015708    0.00012127    0.00014982
     atom  124 type  1   force =    -0.00039099   -0.00023757    0.00041274
     atom  125 type  2   force =    -0.00020013   -0.00065117    0.00008195
     atom  126 type  2   force =    -0.00031891    0.00011195   -0.00001643
     atom  127 type  2   force =    -0.00020058   -0.00065113    0.00008213
     atom  128 type  2   force =    -0.00031919    0.00011186   -0.00001627

     Total force =     0.003697     Total SCF correction =     0.000027


     Computing stress (Cartesian axis) and pressure


     negative rho (up, down):  3.466E-03 3.463E-03
          total   stress  (Ry/bohr**3)                   (kbar)     P=       -4.08
  -0.00006652  -0.00000444  -0.00000464           -9.79       -0.65       -0.68
  -0.00000444  -0.00000788  -0.00000461           -0.65       -1.16       -0.68
  -0.00000464  -0.00000461  -0.00000887           -0.68       -0.68       -1.31


     Writing all to output data dir ./tmp_scf/cuo_slab_scf.save/ :
     XML data file, charge density, pseudopotentials

