==========================================
SLURM_CLUSTER_NAME = paramprabha
SLURM_JOB_ACCOUNT = iuac
SLURM_JOB_ID = 624677
SLURM_JOB_NAME = Li_PVDF
SLURM_JOB_NODELIST = rpcn418
SLURM_JOB_USER = deepanthpcu
SLURM_JOB_UID = 52588
SLURM_JOB_PARTITION = standard
SLURM_TASK_PID = 2997452
SLURM_SUBMIT_DIR = /home/deepanthpcu/DFT/Battery/Li_pvdf
SLURM_CPUS_ON_NODE = 48
SLURM_NTASKS = 48
SLURM_TASK_PID = 2997452
==========================================
=========================================
Job ID      : 624677
Nodes       : rpcn418
Tasks       : 48
Working Dir : /home/deepanthpcu/DFT/Battery/Li_pvdf
Start Time  : Sun Aug 30 21:59:24 IST 2026
=========================================

Currently Loaded Modules:
  1) compiler/oneapi2024/tbb/2021.11
  2) compiler/oneapi2024/compiler-rt/2024.0.2
  3) compiler/oneapi2024/oclfpga/2024.0.0
  4) compiler/oneapi2024/compiler/2024.0.2
  5) compiler/oneapi2024/mkl/2024.0
  6) compiler/oneapi2024/mpi/2021.11
  7) apps/quantum-espresso/qe-7.4-intel

 

/home/apps/SourceApps/qe/qe-intel-7.4/bin/pw.x
=========================================
Finished : Mon Aug 31 20:50:26 IST 2026
=========================================
