==========================================
SLURM_CLUSTER_NAME = paramprabha
SLURM_JOB_ACCOUNT = iuac
SLURM_JOB_ID = 641077
SLURM_JOB_NAME = CuO_PVDF_scf38
SLURM_JOB_NODELIST = rpcn[047,049,367-368,376-377]
SLURM_JOB_USER = deepanthpcu
SLURM_JOB_UID = 52588
SLURM_JOB_PARTITION = standard
SLURM_TASK_PID = 3622458
SLURM_SUBMIT_DIR = /home/deepanthpcu/DFT/Battery/CuO_pvdf
SLURM_CPUS_ON_NODE = 48
SLURM_NTASKS = 288
SLURM_TASK_PID = 3622458
==========================================
======================================
Job ID      : 641077
Nodes       : 6
MPI Tasks   : 288
Directory   : /home/deepanthpcu/DFT/Battery/CuO_pvdf
Started at  : Mon Sep  7 20:21:24 IST 2026
======================================
Node list:
rpcn047
rpcn049
rpcn367
rpcn368
rpcn376
rpcn377

Loaded modules:

Currently Loaded Modules:
  1) compiler/oneapi2024/tbb/2021.11
  2) compiler/oneapi2024/compiler-rt/2024.0.2
  3) compiler/oneapi2024/oclfpga/2024.0.0
  4) compiler/oneapi2024/compiler/2024.0.2
  5) compiler/oneapi2024/mkl/2024.0
  6) compiler/oneapi2024/mpi/2021.11
  7) apps/quantum-espresso/qe-7.4-intel

 


Quantum ESPRESSO:
/home/apps/SourceApps/qe/qe-intel-7.4/bin/pw.x
======================================
Finished at Mon Sep  7 20:21:36 IST 2026
======================================
