==========================================
SLURM_CLUSTER_NAME = paramprabha
SLURM_JOB_ACCOUNT = iuac
SLURM_JOB_ID = 590535
SLURM_JOB_NAME = LiCoO2_PVDF
SLURM_JOB_NODELIST = rpcn[144,421,441]
SLURM_JOB_USER = deepanthpcu
SLURM_JOB_UID = 52588
SLURM_JOB_PARTITION = standard
SLURM_TASK_PID = 3849189
SLURM_SUBMIT_DIR = /home/deepanthpcu/DFT/Battery/LiCoO2_pvdf
SLURM_CPUS_ON_NODE = 48
SLURM_NTASKS = 144
SLURM_TASK_PID = 3849189
==========================================
======================================
Job ID      : 590535
Nodes       : 3
MPI Tasks   : 144
Directory   : /home/deepanthpcu/DFT/Battery/LiCoO2_pvdf
Started at  : Fri Jul 24 14:39:13 IST 2026
======================================
Node list:
rpcn144
rpcn421
rpcn441

Loaded modules:

Currently Loaded Modules:
  1) compiler/oneapi2024/tbb/2021.11
  2) compiler/oneapi2024/compiler-rt/2024.0.2
  3) compiler/oneapi2024/oclfpga/2024.0.0
  4) compiler/oneapi2024/compiler/2024.0.2
  5) compiler/oneapi2024/mkl/2024.0
  6) compiler/oneapi2024/mpi/2021.11
  7) apps/quantum-espresso/qe-7.4-intel

 


Quantum ESPRESSO:
/home/apps/SourceApps/qe/qe-intel-7.4/bin/pw.x
======================================
Finished at Sun Jul 26 11:30:26 IST 2026
======================================
